[ +265 ms] Artifact Instance of 'MaterialFonts' is not required, skipping update.
[   +1 ms] Artifact Instance of 'GradleWrapper' is not required, skipping update.
[        ] Artifact Instance of 'AndroidGenSnapshotArtifacts' is not required, skipping update.
[        ] Artifact Instance of 'AndroidInternalBuildArtifacts' is not required, skipping update.
[        ] Artifact Instance of 'IOSEngineArtifacts' is not required, skipping update.
[        ] Artifact Instance of 'FlutterWebSdk' is not required, skipping update.
[   +1 ms] Artifact Instance of 'LegacyCanvasKitRemover' is not required, skipping update.
[        ] Artifact Instance of 'FlutterSdk' is not required, skipping update.
[        ] Artifact Instance of 'WindowsEngineArtifacts' is not required, skipping update.
[        ] Artifact Instance of 'MacOSEngineArtifacts' is not required, skipping update.
[        ] Artifact Instance of 'LinuxEngineArtifacts' is not required, skipping update.
[        ] Artifact Instance of 'LinuxFuchsiaSDKArtifacts' is not required, skipping update.
[        ] Artifact Instance of 'MacOSFuchsiaSDKArtifacts' is not required, skipping update.
[        ] Artifact Instance of 'FlutterRunnerSDKArtifacts' is not required, skipping update.
[        ] Artifact Instance of 'FlutterRunnerDebugSymbols' is not required, skipping update.
[        ] Artifact Instance of 'IosUsbArtifacts' is not required, skipping update.
[        ] Artifact Instance of 'IosUsbArtifacts' is not required, skipping update.
[        ] Artifact Instance of 'IosUsbArtifacts' is not required, skipping update.
[        ] Artifact Instance of 'IosUsbArtifacts' is not required, skipping update.
[        ] Artifact Instance of 'IosUsbArtifacts' is not required, skipping update.
[        ] Artifact Instance of 'IosUsbArtifacts' is not required, skipping update.
[        ] Artifact Instance of 'FontSubsetArtifacts' is not required, skipping update.
[        ] Artifact Instance of 'PubDependencies' is not required, skipping update.
[ +106 ms] Artifact Instance of 'AndroidGenSnapshotArtifacts' is not required, skipping update.
[        ] Artifact Instance of 'AndroidInternalBuildArtifacts' is not required, skipping update.
[        ] Artifact Instance of 'IOSEngineArtifacts' is not required, skipping update.
[        ] Artifact Instance of 'FlutterWebSdk' is not required, skipping update.
[        ] Artifact Instance of 'FlutterEngineStamp' is not required, skipping update.
[        ] Artifact Instance of 'LegacyCanvasKitRemover' is not required, skipping update.
[   +3 ms] Artifact Instance of 'WindowsEngineArtifacts' is not required, skipping update.
[        ] Artifact Instance of 'MacOSEngineArtifacts' is not required, skipping update.
[        ] Artifact Instance of 'LinuxEngineArtifacts' is not required, skipping update.
[        ] Artifact Instance of 'LinuxFuchsiaSDKArtifacts' is not required, skipping update.
[        ] Artifact Instance of 'MacOSFuchsiaSDKArtifacts' is not required, skipping update.
[        ] Artifact Instance of 'FlutterRunnerSDKArtifacts' is not required, skipping update.
[        ] Artifact Instance of 'FlutterRunnerDebugSymbols' is not required, skipping update.
[  +65 ms] Artifact Instance of 'MaterialFonts' is not required, skipping update.
[        ] Artifact Instance of 'GradleWrapper' is not required, skipping update.
[        ] Artifact Instance of 'AndroidGenSnapshotArtifacts' is not required, skipping update.
[        ] Artifact Instance of 'AndroidInternalBuildArtifacts' is not required, skipping update.
[        ] Artifact Instance of 'IOSEngineArtifacts' is not required, skipping update.
[        ] Artifact Instance of 'FlutterWebSdk' is not required, skipping update.
[        ] Artifact Instance of 'FlutterEngineStamp' is not required, skipping update.
[        ] Artifact Instance of 'LegacyCanvasKitRemover' is not required, skipping update.
[        ] Artifact Instance of 'FlutterSdk' is not required, skipping update.
[   +1 ms] Artifact Instance of 'MacOSEngineArtifacts' is not required, skipping update.
[        ] Artifact Instance of 'LinuxEngineArtifacts' is not required, skipping update.
[        ] Artifact Instance of 'LinuxFuchsiaSDKArtifacts' is not required, skipping update.
[        ] Artifact Instance of 'MacOSFuchsiaSDKArtifacts' is not required, skipping update.
[        ] Artifact Instance of 'FlutterRunnerSDKArtifacts' is not required, skipping update.
[        ] Artifact Instance of 'FlutterRunnerDebugSymbols' is not required, skipping update.
[        ] Artifact Instance of 'IosUsbArtifacts' is not required, skipping update.
[        ] Artifact Instance of 'IosUsbArtifacts' is not required, skipping update.
[        ] Artifact Instance of 'IosUsbArtifacts' is not required, skipping update.
[        ] Artifact Instance of 'IosUsbArtifacts' is not required, skipping update.
[        ] Artifact Instance of 'IosUsbArtifacts' is not required, skipping update.
[        ] Artifact Instance of 'IosUsbArtifacts' is not required, skipping update.
[        ] Artifact Instance of 'FontSubsetArtifacts' is not required, skipping update.
[        ] Artifact Instance of 'PubDependencies' is not required, skipping update.
[  +11 ms] Skipping pub get: version match.
[  +89 ms] Found plugin vibration at C:\Users\Akshay\AppData\Local\Pub\Cache\hosted\pub.dev\vibration-1.9.0\
[  +10 ms] Found plugin device_info_plus at C:\Users\Akshay\AppData\Local\Pub\Cache\hosted\pub.dev\device_info_plus-10.1.2\
[  +29 ms] Found plugin mobile_scanner at C:\Users\Akshay\AppData\Local\Pub\Cache\hosted\pub.dev\mobile_scanner-5.2.3\
[   +5 ms] Found plugin location at C:\Users\Akshay\AppData\Local\Pub\Cache\hosted\pub.dev\location-6.0.2\
[   +3 ms] Found plugin location_web at C:\Users\Akshay\AppData\Local\Pub\Cache\hosted\pub.dev\location_web-5.0.2\
[  +12 ms] Found plugin image_picker at C:\Users\Akshay\AppData\Local\Pub\Cache\hosted\pub.dev\image_picker-1.2.0\
[   +3 ms] Found plugin image_picker_windows at C:\Users\Akshay\AppData\Local\Pub\Cache\hosted\pub.dev\image_picker_windows-0.2.2\
[  +13 ms] Found plugin file_selector_windows at C:\Users\Akshay\AppData\Local\Pub\Cache\hosted\pub.dev\file_selector_windows-0.9.3+4\
[   +6 ms] Found plugin image_picker_macos at C:\Users\Akshay\AppData\Local\Pub\Cache\hosted\pub.dev\image_picker_macos-0.2.2\
[   +3 ms] Found plugin file_selector_macos at C:\Users\Akshay\AppData\Local\Pub\Cache\hosted\pub.dev\file_selector_macos-0.9.4+4\
[   +2 ms] Found plugin image_picker_linux at C:\Users\Akshay\AppData\Local\Pub\Cache\hosted\pub.dev\image_picker_linux-0.2.2\
[   +7 ms] Found plugin file_selector_linux at C:\Users\Akshay\AppData\Local\Pub\Cache\hosted\pub.dev\file_selector_linux-0.9.3+2\
[   +3 ms] Found plugin image_picker_ios at C:\Users\Akshay\AppData\Local\Pub\Cache\hosted\pub.dev\image_picker_ios-0.8.13\
[   +3 ms] Found plugin image_picker_for_web at C:\Users\Akshay\AppData\Local\Pub\Cache\hosted\pub.dev\image_picker_for_web-3.1.0\
[   +3 ms] Found plugin image_picker_android at C:\Users\Akshay\AppData\Local\Pub\Cache\hosted\pub.dev\image_picker_android-0.8.13+4\
[   +3 ms] Found plugin flutter_plugin_android_lifecycle at C:\Users\Akshay\AppData\Local\Pub\Cache\hosted\pub.dev\flutter_plugin_android_lifecycle-2.0.30\
[   +3 ms] Found plugin google_maps_flutter at C:\Users\Akshay\AppData\Local\Pub\Cache\hosted\pub.dev\google_maps_flutter-2.13.1\
[   +3 ms] Found plugin google_maps_flutter_web at C:\Users\Akshay\AppData\Local\Pub\Cache\hosted\pub.dev\google_maps_flutter_web-0.5.14+2\
[  +15 ms] Found plugin google_maps_flutter_ios at C:\Users\Akshay\AppData\Local\Pub\Cache\hosted\pub.dev\google_maps_flutter_ios-2.15.5\
[   +2 ms] Found plugin google_maps_flutter_android at C:\Users\Akshay\AppData\Local\Pub\Cache\hosted\pub.dev\google_maps_flutter_android-2.18.2\
[   +3 ms] Found plugin flutter_local_notifications at C:\Users\Akshay\AppData\Local\Pub\Cache\hosted\pub.dev\flutter_local_notifications-17.2.4\
[   +6 ms] Found plugin flutter_local_notifications_linux at C:\Users\Akshay\AppData\Local\Pub\Cache\hosted\pub.dev\flutter_local_notifications_linux-4.0.1\
[  +10 ms] Found plugin firebase_storage at C:\Users\Akshay\AppData\Local\Pub\Cache\hosted\pub.dev\firebase_storage-11.7.7\
[   +2 ms] Found plugin firebase_storage_web at C:\Users\Akshay\AppData\Local\Pub\Cache\hosted\pub.dev\firebase_storage_web-3.9.7\
[   +4 ms] Found plugin firebase_core at C:\Users\Akshay\AppData\Local\Pub\Cache\hosted\pub.dev\firebase_core-2.32.0\
[   +2 ms] Found plugin firebase_core_web at C:\Users\Akshay\AppData\Local\Pub\Cache\hosted\pub.dev\firebase_core_web-2.17.5\
[   +7 ms] Found plugin firebase_messaging at C:\Users\Akshay\AppData\Local\Pub\Cache\hosted\pub.dev\firebase_messaging-14.9.4\
[   +3 ms] Found plugin firebase_messaging_web at C:\Users\Akshay\AppData\Local\Pub\Cache\hosted\pub.dev\firebase_messaging_web-3.8.7\
[   +5 ms] Found plugin firebase_auth at C:\Users\Akshay\AppData\Local\Pub\Cache\hosted\pub.dev\firebase_auth-4.20.0\
[   +2 ms] Found plugin firebase_auth_web at C:\Users\Akshay\AppData\Local\Pub\Cache\hosted\pub.dev\firebase_auth_web-5.12.0\
[   +6 ms] Found plugin shared_preferences at C:\Users\Akshay\AppData\Local\Pub\Cache\hosted\pub.dev\shared_preferences-2.5.3\
[   +1 ms] Found plugin shared_preferences_windows at C:\Users\Akshay\AppData\Local\Pub\Cache\hosted\pub.dev\shared_preferences_windows-2.4.1\
[   +4 ms] Found plugin path_provider_windows at C:\Users\Akshay\AppData\Local\Pub\Cache\hosted\pub.dev\path_provider_windows-2.3.0\
[   +6 ms] Found plugin shared_preferences_web at C:\Users\Akshay\AppData\Local\Pub\Cache\hosted\pub.dev\shared_preferences_web-2.4.3\
[   +2 ms] Found plugin shared_preferences_linux at C:\Users\Akshay\AppData\Local\Pub\Cache\hosted\pub.dev\shared_preferences_linux-2.4.1\
[   +2 ms] Found plugin path_provider_linux at C:\Users\Akshay\AppData\Local\Pub\Cache\hosted\pub.dev\path_provider_linux-2.2.1\
[   +2 ms] Found plugin shared_preferences_foundation at C:\Users\Akshay\AppData\Local\Pub\Cache\hosted\pub.dev\shared_preferences_foundation-2.5.4\
[   +2 ms] Found plugin shared_preferences_android at C:\Users\Akshay\AppData\Local\Pub\Cache\hosted\pub.dev\shared_preferences_android-2.4.15\
[  +12 ms] Found plugin cloud_firestore at C:\Users\Akshay\AppData\Local\Pub\Cache\hosted\pub.dev\cloud_firestore-4.17.5\
[   +2 ms] Found plugin cloud_firestore_web at C:\Users\Akshay\AppData\Local\Pub\Cache\hosted\pub.dev\cloud_firestore_web-3.12.5\
[  +67 ms] Found plugin vibration at C:\Users\Akshay\AppData\Local\Pub\Cache\hosted\pub.dev\vibration-1.9.0\
[   +3 ms] Found plugin device_info_plus at C:\Users\Akshay\AppData\Local\Pub\Cache\hosted\pub.dev\device_info_plus-10.1.2\
[   +9 ms] Found plugin mobile_scanner at C:\Users\Akshay\AppData\Local\Pub\Cache\hosted\pub.dev\mobile_scanner-5.2.3\
[   +2 ms] Found plugin location at C:\Users\Akshay\AppData\Local\Pub\Cache\hosted\pub.dev\location-6.0.2\
[   +1 ms] Found plugin location_web at C:\Users\Akshay\AppData\Local\Pub\Cache\hosted\pub.dev\location_web-5.0.2\
[   +5 ms] Found plugin image_picker at C:\Users\Akshay\AppData\Local\Pub\Cache\hosted\pub.dev\image_picker-1.2.0\
[   +1 ms] Found plugin image_picker_windows at C:\Users\Akshay\AppData\Local\Pub\Cache\hosted\pub.dev\image_picker_windows-0.2.2\
[   +5 ms] Found plugin file_selector_windows at C:\Users\Akshay\AppData\Local\Pub\Cache\hosted\pub.dev\file_selector_windows-0.9.3+4\
[   +3 ms] Found plugin image_picker_macos at C:\Users\Akshay\AppData\Local\Pub\Cache\hosted\pub.dev\image_picker_macos-0.2.2\
[   +1 ms] Found plugin file_selector_macos at C:\Users\Akshay\AppData\Local\Pub\Cache\hosted\pub.dev\file_selector_macos-0.9.4+4\
[   +1 ms] Found plugin image_picker_linux at C:\Users\Akshay\AppData\Local\Pub\Cache\hosted\pub.dev\image_picker_linux-0.2.2\
[   +1 ms] Found plugin file_selector_linux at C:\Users\Akshay\AppData\Local\Pub\Cache\hosted\pub.dev\file_selector_linux-0.9.3+2\
[   +1 ms] Found plugin image_picker_ios at C:\Users\Akshay\AppData\Local\Pub\Cache\hosted\pub.dev\image_picker_ios-0.8.13\
[   +1 ms] Found plugin image_picker_for_web at C:\Users\Akshay\AppData\Local\Pub\Cache\hosted\pub.dev\image_picker_for_web-3.1.0\
[   +1 ms] Found plugin image_picker_android at C:\Users\Akshay\AppData\Local\Pub\Cache\hosted\pub.dev\image_picker_android-0.8.13+4\
[   +1 ms] Found plugin flutter_plugin_android_lifecycle at C:\Users\Akshay\AppData\Local\Pub\Cache\hosted\pub.dev\flutter_plugin_android_lifecycle-2.0.30\
[   +1 ms] Found plugin google_maps_flutter at C:\Users\Akshay\AppData\Local\Pub\Cache\hosted\pub.dev\google_maps_flutter-2.13.1\
[   +1 ms] Found plugin google_maps_flutter_web at C:\Users\Akshay\AppData\Local\Pub\Cache\hosted\pub.dev\google_maps_flutter_web-0.5.14+2\
[   +8 ms] Found plugin google_maps_flutter_ios at C:\Users\Akshay\AppData\Local\Pub\Cache\hosted\pub.dev\google_maps_flutter_ios-2.15.5\
[   +1 ms] Found plugin google_maps_flutter_android at C:\Users\Akshay\AppData\Local\Pub\Cache\hosted\pub.dev\google_maps_flutter_android-2.18.2\
[   +1 ms] Found plugin flutter_local_notifications at C:\Users\Akshay\AppData\Local\Pub\Cache\hosted\pub.dev\flutter_local_notifications-17.2.4\
[   +3 ms] Found plugin flutter_local_notifications_linux at C:\Users\Akshay\AppData\Local\Pub\Cache\hosted\pub.dev\flutter_local_notifications_linux-4.0.1\
[   +4 ms] Found plugin firebase_storage at C:\Users\Akshay\AppData\Local\Pub\Cache\hosted\pub.dev\firebase_storage-11.7.7\
[   +1 ms] Found plugin firebase_storage_web at C:\Users\Akshay\AppData\Local\Pub\Cache\hosted\pub.dev\firebase_storage_web-3.9.7\
[   +2 ms] Found plugin firebase_core at C:\Users\Akshay\AppData\Local\Pub\Cache\hosted\pub.dev\firebase_core-2.32.0\
[   +1 ms] Found plugin firebase_core_web at C:\Users\Akshay\AppData\Local\Pub\Cache\hosted\pub.dev\firebase_core_web-2.17.5\
[   +3 ms] Found plugin firebase_messaging at C:\Users\Akshay\AppData\Local\Pub\Cache\hosted\pub.dev\firebase_messaging-14.9.4\
[   +1 ms] Found plugin firebase_messaging_web at C:\Users\Akshay\AppData\Local\Pub\Cache\hosted\pub.dev\firebase_messaging_web-3.8.7\
[   +2 ms] Found plugin firebase_auth at C:\Users\Akshay\AppData\Local\Pub\Cache\hosted\pub.dev\firebase_auth-4.20.0\
[   +1 ms] Found plugin firebase_auth_web at C:\Users\Akshay\AppData\Local\Pub\Cache\hosted\pub.dev\firebase_auth_web-5.12.0\
[   +3 ms] Found plugin shared_preferences at C:\Users\Akshay\AppData\Local\Pub\Cache\hosted\pub.dev\shared_preferences-2.5.3\
[   +1 ms] Found plugin shared_preferences_windows at C:\Users\Akshay\AppData\Local\Pub\Cache\hosted\pub.dev\shared_preferences_windows-2.4.1\
[   +1 ms] Found plugin path_provider_windows at C:\Users\Akshay\AppData\Local\Pub\Cache\hosted\pub.dev\path_provider_windows-2.3.0\
[   +2 ms] Found plugin shared_preferences_web at C:\Users\Akshay\AppData\Local\Pub\Cache\hosted\pub.dev\shared_preferences_web-2.4.3\
[        ] Found plugin shared_preferences_linux at C:\Users\Akshay\AppData\Local\Pub\Cache\hosted\pub.dev\shared_preferences_linux-2.4.1\
[        ] Found plugin path_provider_linux at C:\Users\Akshay\AppData\Local\Pub\Cache\hosted\pub.dev\path_provider_linux-2.2.1\
[   +1 ms] Found plugin shared_preferences_foundation at C:\Users\Akshay\AppData\Local\Pub\Cache\hosted\pub.dev\shared_preferences_foundation-2.5.4\
[   +1 ms] Found plugin shared_preferences_android at C:\Users\Akshay\AppData\Local\Pub\Cache\hosted\pub.dev\shared_preferences_android-2.4.15\
[  +11 ms] Found plugin cloud_firestore at C:\Users\Akshay\AppData\Local\Pub\Cache\hosted\pub.dev\cloud_firestore-4.17.5\
[   +1 ms] Found plugin cloud_firestore_web at C:\Users\Akshay\AppData\Local\Pub\Cache\hosted\pub.dev\cloud_firestore_web-3.12.5\
[  +14 ms] Skipping generating web_plugin_registrant.dart because it is up-to-date.
[  +35 ms] Found plugin vibration at C:\Users\Akshay\AppData\Local\Pub\Cache\hosted\pub.dev\vibration-1.9.0\
[   +2 ms] Found plugin device_info_plus at C:\Users\Akshay\AppData\Local\Pub\Cache\hosted\pub.dev\device_info_plus-10.1.2\
[   +7 ms] Found plugin mobile_scanner at C:\Users\Akshay\AppData\Local\Pub\Cache\hosted\pub.dev\mobile_scanner-5.2.3\
[   +1 ms] Found plugin location at C:\Users\Akshay\AppData\Local\Pub\Cache\hosted\pub.dev\location-6.0.2\
[        ] Found plugin location_web at C:\Users\Akshay\AppData\Local\Pub\Cache\hosted\pub.dev\location_web-5.0.2\
[   +2 ms] Found plugin image_picker at C:\Users\Akshay\AppData\Local\Pub\Cache\hosted\pub.dev\image_picker-1.2.0\
[        ] Found plugin image_picker_windows at C:\Users\Akshay\AppData\Local\Pub\Cache\hosted\pub.dev\image_picker_windows-0.2.2\
[   +2 ms] Found plugin file_selector_windows at C:\Users\Akshay\AppData\Local\Pub\Cache\hosted\pub.dev\file_selector_windows-0.9.3+4\
[   +1 ms] Found plugin image_picker_macos at C:\Users\Akshay\AppData\Local\Pub\Cache\hosted\pub.dev\image_picker_macos-0.2.2\
[   +1 ms] Found plugin file_selector_macos at C:\Users\Akshay\AppData\Local\Pub\Cache\hosted\pub.dev\file_selector_macos-0.9.4+4\
[   +1 ms] Found plugin image_picker_linux at C:\Users\Akshay\AppData\Local\Pub\Cache\hosted\pub.dev\image_picker_linux-0.2.2\
[   +1 ms] Found plugin file_selector_linux at C:\Users\Akshay\AppData\Local\Pub\Cache\hosted\pub.dev\file_selector_linux-0.9.3+2\
[        ] Found plugin image_picker_ios at C:\Users\Akshay\AppData\Local\Pub\Cache\hosted\pub.dev\image_picker_ios-0.8.13\
[        ] Found plugin image_picker_for_web at C:\Users\Akshay\AppData\Local\Pub\Cache\hosted\pub.dev\image_picker_for_web-3.1.0\
[   +1 ms] Found plugin image_picker_android at C:\Users\Akshay\AppData\Local\Pub\Cache\hosted\pub.dev\image_picker_android-0.8.13+4\
[        ] Found plugin flutter_plugin_android_lifecycle at C:\Users\Akshay\AppData\Local\Pub\Cache\hosted\pub.dev\flutter_plugin_android_lifecycle-2.0.30\
[        ] Found plugin google_maps_flutter at C:\Users\Akshay\AppData\Local\Pub\Cache\hosted\pub.dev\google_maps_flutter-2.13.1\
[        ] Found plugin google_maps_flutter_web at C:\Users\Akshay\AppData\Local\Pub\Cache\hosted\pub.dev\google_maps_flutter_web-0.5.14+2\
[   +4 ms] Found plugin google_maps_flutter_ios at C:\Users\Akshay\AppData\Local\Pub\Cache\hosted\pub.dev\google_maps_flutter_ios-2.15.5\
[        ] Found plugin google_maps_flutter_android at C:\Users\Akshay\AppData\Local\Pub\Cache\hosted\pub.dev\google_maps_flutter_android-2.18.2\
[        ] Found plugin flutter_local_notifications at C:\Users\Akshay\AppData\Local\Pub\Cache\hosted\pub.dev\flutter_local_notifications-17.2.4\
[   +2 ms] Found plugin flutter_local_notifications_linux at C:\Users\Akshay\AppData\Local\Pub\Cache\hosted\pub.dev\flutter_local_notifications_linux-4.0.1\
[   +4 ms] Found plugin firebase_storage at C:\Users\Akshay\AppData\Local\Pub\Cache\hosted\pub.dev\firebase_storage-11.7.7\
[        ] Found plugin firebase_storage_web at C:\Users\Akshay\AppData\Local\Pub\Cache\hosted\pub.dev\firebase_storage_web-3.9.7\
[   +1 ms] Found plugin firebase_core at C:\Users\Akshay\AppData\Local\Pub\Cache\hosted\pub.dev\firebase_core-2.32.0\
[   +1 ms] Found plugin firebase_core_web at C:\Users\Akshay\AppData\Local\Pub\Cache\hosted\pub.dev\firebase_core_web-2.17.5\
[   +3 ms] Found plugin firebase_messaging at C:\Users\Akshay\AppData\Local\Pub\Cache\hosted\pub.dev\firebase_messaging-14.9.4\
[   +1 ms] Found plugin firebase_messaging_web at C:\Users\Akshay\AppData\Local\Pub\Cache\hosted\pub.dev\firebase_messaging_web-3.8.7\
[   +1 ms] Found plugin firebase_auth at C:\Users\Akshay\AppData\Local\Pub\Cache\hosted\pub.dev\firebase_auth-4.20.0\
[   +1 ms] Found plugin firebase_auth_web at C:\Users\Akshay\AppData\Local\Pub\Cache\hosted\pub.dev\firebase_auth_web-5.12.0\
[   +2 ms] Found plugin shared_preferences at C:\Users\Akshay\AppData\Local\Pub\Cache\hosted\pub.dev\shared_preferences-2.5.3\
[        ] Found plugin shared_preferences_windows at C:\Users\Akshay\AppData\Local\Pub\Cache\hosted\pub.dev\shared_preferences_windows-2.4.1\
[   +1 ms] Found plugin path_provider_windows at C:\Users\Akshay\AppData\Local\Pub\Cache\hosted\pub.dev\path_provider_windows-2.3.0\
[   +1 ms] Found plugin shared_preferences_web at C:\Users\Akshay\AppData\Local\Pub\Cache\hosted\pub.dev\shared_preferences_web-2.4.3\
[   +1 ms] Found plugin shared_preferences_linux at C:\Users\Akshay\AppData\Local\Pub\Cache\hosted\pub.dev\shared_preferences_linux-2.4.1\
[        ] Found plugin path_provider_linux at C:\Users\Akshay\AppData\Local\Pub\Cache\hosted\pub.dev\path_provider_linux-2.2.1\
[        ] Found plugin shared_preferences_foundation at C:\Users\Akshay\AppData\Local\Pub\Cache\hosted\pub.dev\shared_preferences_foundation-2.5.4\
[        ] Found plugin shared_preferences_android at C:\Users\Akshay\AppData\Local\Pub\Cache\hosted\pub.dev\shared_preferences_android-2.4.15\
[   +5 ms] Found plugin cloud_firestore at C:\Users\Akshay\AppData\Local\Pub\Cache\hosted\pub.dev\cloud_firestore-4.17.5\
[   +1 ms] Found plugin cloud_firestore_web at C:\Users\Akshay\AppData\Local\Pub\Cache\hosted\pub.dev\cloud_firestore_web-3.12.5\
[  +16 ms] Generating D:\Projects for Final Year testing\smart_tourist_app\android\app\src\main\java\io\flutter\plugins\GeneratedPluginRegistrant.java
[   +1 ms] Skipping generating GeneratedPluginRegistrant.java because it is up-to-date.
[   +4 ms] Skipping generating generated_plugin_registrant.h because it is up-to-date.
[   +1 ms] Skipping generating generated_plugin_registrant.cc because it is up-to-date.
[   +1 ms] Skipping generating generated_plugins.cmake because it is up-to-date.
[   +2 ms] Skipping generating generated_plugin_registrant.h because it is up-to-date.
[   +1 ms] Skipping generating generated_plugin_registrant.cc because it is up-to-date.
[   +1 ms] Skipping generating generated_plugins.cmake because it is up-to-date.
[   +2 ms] Skipping generating GeneratedPluginRegistrant.h because it is up-to-date.
[   +1 ms] Skipping generating GeneratedPluginRegistrant.m because it is up-to-date.
[   +1 ms] Skipping generating GeneratedPluginRegistrant.swift because it is up-to-date.
[  +87 ms] executing: C:\Program Files (x86)\Microsoft Visual Studio\Installer\vswhere.exe -format json -products * -utf8 -latest -version 16 -requires Microsoft.VisualStudio.Workload.NativeDesktop Microsoft.VisualStudio.Component.VC.Tools.x86.x64 Microsoft.VisualStudio.Component.VC.CMake.Project
[  +56 ms] Exit code 0 from: C:\Program Files (x86)\Microsoft Visual Studio\Installer\vswhere.exe -format json -products * -utf8 -latest -version 16 -requires Microsoft.VisualStudio.Workload.NativeDesktop Microsoft.VisualStudio.Component.VC.Tools.x86.x64 Microsoft.VisualStudio.Component.VC.CMake.Project
[        ] []
[        ] executing: C:\Program Files (x86)\Microsoft Visual Studio\Installer\vswhere.exe -format json -products * -utf8 -latest -version 16 -requires Microsoft.VisualStudio.Workload.VCTools Microsoft.VisualStudio.Component.VC.Tools.x86.x64 Microsoft.VisualStudio.Component.VC.CMake.Project
[  +42 ms] Exit code 0 from: C:\Program Files (x86)\Microsoft Visual Studio\Installer\vswhere.exe -format json -products * -utf8 -latest -version 16 -requires Microsoft.VisualStudio.Workload.VCTools Microsoft.VisualStudio.Component.VC.Tools.x86.x64 Microsoft.VisualStudio.Component.VC.CMake.Project
[        ] [
             {
               "instanceId": "16edca36",
               "installDate": "2025-08-01T14:01:39Z",
               "installationName": "VisualStudio/16.11.50+36324.18",
               "installationPath": "C:\\Program Files (x86)\\Microsoft Visual Studio\\2019\\BuildTools",
               "installationVersion": "16.11.36324.18",
               "productId": "Microsoft.VisualStudio.Product.BuildTools",
               "productPath": "C:\\Program Files (x86)\\Microsoft Visual Studio\\2019\\BuildTools\\Common7\\Tools\\LaunchDevCmd.bat",
               "state": 4294967295,
               "isComplete": true,
               "isLaunchable": true,
               "isPrerelease": false,
               "isRebootRequired": false,
               "displayName": "Visual Studio Build Tools 2019",
               "description": "The Visual Studio Build Tools allows you to build native and managed MSBuild-based applications without requiring the Visual Studio IDE. There are options to install the Visual C++ compilers and libraries, MFC, ATL, and C++/CLI support.",
               "channelId": "VisualStudio.16.Release",
               "channelUri": "https://aka.ms/vs/16/release/channel",
               "enginePath": "C:\\Program Files (x86)\\Microsoft Visual Studio\\Installer\\resources\\app\\ServiceHub\\Services\\Microsoft.VisualStudio.Setup.Service",
               "installedChannelId": "VisualStudio.16.Release",
               "installedChannelUri": "https://aka.ms/vs/16/release/channel",
               "releaseNotes": "https://docs.microsoft.com/en-us/visualstudio/releases/2019/release-notes-v16.11#16.11.50",
               "resolvedInstallationPath": "C:\\Program Files (x86)\\Microsoft Visual Studio\\2019\\BuildTools",
               "thirdPartyNotices": "https://go.microsoft.com/fwlink/?LinkId=660909",
               "updateDate": "2025-11-26T12:17:05.2159716Z",
               "catalog": {
                 "buildBranch": "d16.11",
                 "buildVersion": "16.11.36324.18",
                 "id": "VisualStudio/16.11.50+36324.18",
                 "localBuild": "build-lab",
                 "manifestName": "VisualStudio",
                 "manifestType": "installer",
                 "productDisplayVersion": "16.11.50",
                 "productLine": "Dev16",
                 "productLineVersion": "2019",
                 "productMilestone": "RTW",
                 "productMilestoneIsPreRelease": "False",
                 "productName": "Visual Studio",
                 "productPatchVersion": "50",
                 "productPreReleaseMilestoneSuffix": "1.0",
                 "productSemanticVersion": "16.11.50+36324.18",
                 "requiredEngineVersion": "2.11.72.18200"
               },
               "properties": {
                 "appLocalWPF": "false",
                 "campaignId": "",
                 "channelManifestId": "VisualStudio.16.Release/16.11.50+36324.18",
                 "includeRecommended": "0",
                 "nickname": "",
                 "setupEngineFilePath": "C:\\Program Files (x86)\\Microsoft Visual Studio\\Installer\\setup.exe"
               }
             }
           ]
[   +2 ms] Building Windows application...
[   +3 ms] executing: C:\Program Files (x86)\Microsoft Visual Studio\2019\BuildTools\Common7\IDE\CommonExtensions\Microsoft\CMake\CMake\bin\cmake.exe -S D:\Projects for Final Year testing\smart_tourist_app\windows -B D:\Projects for Final Year testing\smart_tourist_app\build\windows\x64 -G Visual Studio 16 2019 -A x64 -DFLUTTER_TARGET_PLATFORM=windows-x64
[  +65 ms] -- Selecting Windows SDK version 10.0.19041.0 to target Windows 10.0.26220.
[+1983 ms] -- The CXX compiler identification is MSVC 19.29.30159.0
[ +127 ms] -- Detecting CXX compiler ABI info
[+1072 ms] -- Detecting CXX compiler ABI info - done
[  +61 ms] -- Check for working CXX compiler: C:/Program Files (x86)/Microsoft Visual Studio/2019/BuildTools/VC/Tools/MSVC/14.29.30133/bin/Hostx64/x64/cl.exe - skipped
[   +2 ms] -- Detecting CXX compile features
[   +2 ms] -- Detecting CXX compile features - done
[  +38 ms] -- Using cached Firebase SDK zip file
[+8909 ms] cmake -E tar: warning: unknown warning
[   +1 ms] cmake -E tar: warning: unknown warning
[        ] cmake -E tar: warning: unknown warning
[        ] cmake -E tar: warning: unknown warning
[        ] cmake -E tar: warning: unknown warning
[        ] cmake -E tar: warning: unknown warning
[        ] cmake -E tar: warning: unknown warning
[        ] cmake -E tar: warning: unknown warning
[        ] cmake -E tar: warning: unknown warning
[        ] cmake -E tar: warning: unknown warning
[        ] cmake -E tar: warning: unknown warning
[        ] cmake -E tar: warning: unknown warning
[        ] cmake -E tar: warning: unknown warning
[        ] cmake -E tar: warning: unknown warning
[        ] cmake -E tar: warning: unknown warning
[        ] cmake -E tar: warning: unknown warning
[        ] cmake -E tar: warning: unknown warning
[        ] cmake -E tar: warning: unknown warning
[        ] cmake -E tar: warning: unknown warning
[        ] cmake -E tar: warning: unknown warning
[        ] cmake -E tar: warning: unknown warning
[        ] cmake -E tar: warning: unknown warning
[        ] cmake -E tar: warning: unknown warning
[        ] cmake -E tar: warning: unknown warning
[        ] cmake -E tar: warning: unknown warning
[        ] cmake -E tar: warning: unknown warning
[        ] cmake -E tar: warning: unknown warning
[        ] cmake -E tar: warning: unknown warning
[        ] cmake -E tar: warning: unknown warning
[        ] cmake -E tar: warning: unknown warning
[        ] cmake -E tar: warning: unknown warning
[        ] cmake -E tar: warning: unknown warning
[        ] cmake -E tar: warning: unknown warning
[        ] cmake -E tar: warning: unknown warning
[        ] cmake -E tar: warning: unknown warning
[        ] cmake -E tar: warning: unknown warning
[        ] cmake -E tar: warning: unknown warning
[        ] cmake -E tar: warning: unknown warning
[        ] cmake -E tar: warning: unknown warning
[        ] cmake -E tar: warning: unknown warning
[        ] cmake -E tar: warning: unknown warning
[        ] cmake -E tar: warning: unknown warning
[        ] cmake -E tar: warning: unknown warning
[        ] cmake -E tar: warning: unknown warning
[        ] cmake -E tar: warning: unknown warning
[        ] cmake -E tar: warning: unknown warning
[        ] cmake -E tar: warning: unknown warning
[        ] cmake -E tar: warning: unknown warning
[        ] cmake -E tar: warning: unknown warning
[        ] cmake -E tar: warning: unknown warning
[        ] cmake -E tar: warning: unknown warning
[        ] cmake -E tar: warning: unknown warning
[        ] cmake -E tar: warning: unknown warning
[        ] cmake -E tar: warning: unknown warning
[        ] cmake -E tar: warning: unknown warning
[        ] cmake -E tar: warning: unknown warning
[        ] cmake -E tar: warning: unknown warning
[        ] cmake -E tar: warning: unknown warning
[        ] cmake -E tar: warning: unknown warning
[        ] cmake -E tar: warning: unknown warning
[        ] cmake -E tar: warning: unknown warning
[        ] cmake -E tar: warning: unknown warning
[        ] cmake -E tar: warning: unknown warning
[        ] cmake -E tar: warning: unknown warning
[        ] cmake -E tar: warning: unknown warning
[        ] cmake -E tar: warning: unknown warning
[        ] cmake -E tar: warning: unknown warning
[        ] cmake -E tar: warning: unknown warning
[        ] cmake -E tar: warning: unknown warning
[        ] cmake -E tar: warning: unknown warning
[        ] cmake -E tar: warning: unknown warning
[        ] cmake -E tar: warning: unknown warning
[        ] cmake -E tar: warning: unknown warning
[        ] cmake -E tar: warning: unknown warning
[        ] cmake -E tar: warning: unknown warning
[        ] cmake -E tar: warning: unknown warning
[        ] cmake -E tar: warning: unknown warning
[        ] cmake -E tar: warning: unknown warning
[        ] cmake -E tar: warning: unknown warning
[        ] cmake -E tar: warning: unknown warning
[        ] cmake -E tar: warning: unknown warning
[        ] cmake -E tar: warning: unknown warning
[        ] cmake -E tar: warning: unknown warning
[        ] cmake -E tar: warning: unknown warning
[        ] cmake -E tar: warning: unknown warning
[        ] cmake -E tar: warning: unknown warning
[        ] cmake -E tar: warning: unknown warning
[        ] cmake -E tar: warning: unknown warning
[        ] cmake -E tar: warning: unknown warning
[        ] cmake -E tar: warning: unknown warning
[        ] cmake -E tar: warning: unknown warning
[        ] cmake -E tar: warning: unknown warning
[        ] cmake -E tar: warning: unknown warning
[        ] cmake -E tar: warning: unknown warning
[        ] cmake -E tar: warning: unknown warning
[        ] cmake -E tar: warning: unknown warning
[        ] cmake -E tar: warning: unknown warning
[        ] cmake -E tar: warning: unknown warning
[        ] cmake -E tar: warning: unknown warning
[        ] cmake -E tar: warning: unknown warning
[        ] cmake -E tar: warning: unknown warning
[        ] cmake -E tar: warning: unknown warning
[        ] cmake -E tar: warning: unknown warning
[        ] cmake -E tar: warning: unknown warning
[        ] cmake -E tar: warning: unknown warning
[        ] cmake -E tar: warning: unknown warning
[        ] cmake -E tar: warning: unknown warning
[        ] cmake -E tar: warning: unknown warning
[        ] cmake -E tar: warning: unknown warning
[        ] cmake -E tar: warning: unknown warning
[        ] cmake -E tar: warning: unknown warning
[        ] cmake -E tar: warning: unknown warning
[        ] cmake -E tar: warning: unknown warning
[        ] cmake -E tar: warning: unknown warning
[        ] cmake -E tar: warning: unknown warning
[        ] cmake -E tar: warning: unknown warning
[        ] cmake -E tar: warning: unknown warning
[        ] cmake -E tar: warning: unknown warning
[        ] cmake -E tar: warning: unknown warning
[        ] cmake -E tar: warning: unknown warning
[   +1 ms] cmake -E tar: warning: unknown warning
[        ] cmake -E tar: warning: unknown warning
[        ] cmake -E tar: warning: unknown warning
[        ] cmake -E tar: warning: unknown warning
[        ] cmake -E tar: warning: unknown warning
[        ] cmake -E tar: warning: unknown warning
[        ] cmake -E tar: warning: unknown warning
[        ] cmake -E tar: warning: unknown warning
[        ] cmake -E tar: warning: unknown warning
[        ] cmake -E tar: warning: unknown warning
[        ] cmake -E tar: warning: unknown warning
[        ] cmake -E tar: warning: unknown warning
[        ] cmake -E tar: warning: unknown warning
[        ] cmake -E tar: warning: unknown warning
[        ] cmake -E tar: warning: unknown warning
[        ] cmake -E tar: warning: unknown warning
[        ] cmake -E tar: warning: unknown warning
[        ] cmake -E tar: warning: unknown warning
[        ] cmake -E tar: warning: unknown warning
[        ] cmake -E tar: warning: unknown warning
[        ] cmake -E tar: warning: unknown warning
[        ] cmake -E tar: warning: unknown warning
[        ] cmake -E tar: warning: unknown warning
[        ] cmake -E tar: warning: unknown warning
[        ] cmake -E tar: warning: unknown warning
[        ] cmake -E tar: warning: unknown warning
[        ] cmake -E tar: warning: unknown warning
[        ] cmake -E tar: warning: unknown warning
[        ] cmake -E tar: warning: unknown warning
[        ] cmake -E tar: warning: unknown warning
[        ] cmake -E tar: warning: unknown warning
[        ] cmake -E tar: warning: unknown warning
[        ] cmake -E tar: warning: unknown warning
[        ] cmake -E tar: warning: unknown warning
[        ] cmake -E tar: warning: unknown warning
[        ] cmake -E tar: warning: unknown warning
[        ] cmake -E tar: warning: unknown warning
[        ] cmake -E tar: warning: unknown warning
[        ] cmake -E tar: warning: unknown warning
[        ] cmake -E tar: warning: unknown warning
[        ] cmake -E tar: warning: unknown warning
[        ] cmake -E tar: warning: unknown warning
[        ] cmake -E tar: warning: unknown warning
[        ] cmake -E tar: warning: unknown warning
[        ] cmake -E tar: warning: unknown warning
[        ] cmake -E tar: warning: unknown warning
[        ] cmake -E tar: warning: unknown warning
[        ] cmake -E tar: warning: unknown warning
[        ] cmake -E tar: warning: unknown warning
[        ] cmake -E tar: warning: unknown warning
[        ] cmake -E tar: warning: unknown warning
[        ] cmake -E tar: warning: unknown warning
[        ] cmake -E tar: warning: unknown warning
[   +1 ms] cmake -E tar: warning: unknown warning
[        ] cmake -E tar: warning: unknown warning
[        ] cmake -E tar: warning: unknown warning
[        ] cmake -E tar: warning: unknown warning
[        ] cmake -E tar: warning: unknown warning
[        ] cmake -E tar: warning: unknown warning
[        ] cmake -E tar: warning: unknown warning
[        ] cmake -E tar: warning: unknown warning
[        ] cmake -E tar: warning: unknown warning
[        ] cmake -E tar: warning: unknown warning
[        ] cmake -E tar: warning: unknown warning
[        ] cmake -E tar: warning: unknown warning
[        ] cmake -E tar: warning: unknown warning
[        ] cmake -E tar: warning: unknown warning
[        ] cmake -E tar: warning: unknown warning
[        ] cmake -E tar: warning: unknown warning
[        ] cmake -E tar: warning: unknown warning
[        ] cmake -E tar: warning: unknown warning
[        ] cmake -E tar: warning: unknown warning
[        ] cmake -E tar: warning: unknown warning
[        ] cmake -E tar: warning: unknown warning
[        ] cmake -E tar: warning: unknown warning
[        ] cmake -E tar: warning: unknown warning
[        ] cmake -E tar: warning: unknown warning
[        ] cmake -E tar: warning: unknown warning
[        ] cmake -E tar: warning: unknown warning
[        ] cmake -E tar: warning: unknown warning
[        ] cmake -E tar: warning: unknown warning
[        ] cmake -E tar: warning: unknown warning
[        ] cmake -E tar: warning: unknown warning
[        ] cmake -E tar: warning: unknown warning
[        ] cmake -E tar: warning: unknown warning
[        ] cmake -E tar: warning: unknown warning
[        ] cmake -E tar: warning: unknown warning
[        ] cmake -E tar: warning: unknown warning
[        ] cmake -E tar: warning: unknown warning
[        ] cmake -E tar: warning: unknown warning
[        ] cmake -E tar: warning: unknown warning
[        ] cmake -E tar: warning: unknown warning
[        ] cmake -E tar: warning: unknown warning
[        ] cmake -E tar: warning: unknown warning
[        ] cmake -E tar: warning: unknown warning
[        ] cmake -E tar: warning: unknown warning
[        ] cmake -E tar: warning: unknown warning
[        ] cmake -E tar: warning: unknown warning
[        ] cmake -E tar: warning: unknown warning
[        ] cmake -E tar: warning: unknown warning
[        ] cmake -E tar: warning: unknown warning
[        ] cmake -E tar: warning: unknown warning
[        ] cmake -E tar: warning: unknown warning
[        ] cmake -E tar: warning: unknown warning
[        ] cmake -E tar: warning: unknown warning
[        ] cmake -E tar: warning: unknown warning
[        ] cmake -E tar: warning: unknown warning
[        ] cmake -E tar: warning: unknown warning
[        ] cmake -E tar: warning: unknown warning
[        ] cmake -E tar: warning: unknown warning
[        ] cmake -E tar: warning: unknown warning
[        ] cmake -E tar: warning: unknown warning
[        ] cmake -E tar: warning: unknown warning
[        ] cmake -E tar: warning: unknown warning
[        ] cmake -E tar: warning: unknown warning
[        ] cmake -E tar: warning: unknown warning
[        ] cmake -E tar: warning: unknown warning
[        ] cmake -E tar: warning: unknown warning
[        ] cmake -E tar: warning: unknown warning
[        ] cmake -E tar: warning: unknown warning
[        ] cmake -E tar: warning: unknown warning
[        ] cmake -E tar: warning: unknown warning
[        ] cmake -E tar: warning: unknown warning
[        ] cmake -E tar: warning: unknown warning
[        ] cmake -E tar: warning: unknown warning
[        ] cmake -E tar: warning: unknown warning
[        ] cmake -E tar: warning: unknown warning
[        ] cmake -E tar: warning: unknown warning
[        ] cmake -E tar: warning: unknown warning
[        ] cmake -E tar: warning: unknown warning
[        ] cmake -E tar: warning: unknown warning
[        ] cmake -E tar: warning: unknown warning
[        ] cmake -E tar: warning: unknown warning
[        ] cmake -E tar: warning: unknown warning
[        ] cmake -E tar: warning: unknown warning
[        ] cmake -E tar: warning: unknown warning
[        ] cmake -E tar: warning: unknown warning
[        ] cmake -E tar: warning: unknown warning
[        ] cmake -E tar: warning: unknown warning
[        ] cmake -E tar: warning: unknown warning
